src/pages/BookingList/index.tsx(82,20): error TS2339: Property 'preferredDate' does not exist on type 'BookingListItem'.
src/pages/BookingList/index.tsx(82,44): error TS2339: Property 'preferredDate' does not exist on type 'BookingListItem'.
src/pages/BookingList/index.tsx(82,66): error TS2339: Property 'preferredTime' does not exist on type 'BookingListItem'.
